> Task :app:preBuild UP-TO-DATE
> Task :app:preDebugBuild UP-TO-DATE
> Task :app:mergeDebugNativeDebugMetadata NO-SOURCE
> Task :app:checkKotlinGradlePluginConfigurationErrors SKIPPED
> Task :app:generateDebugBuildConfig UP-TO-DATE
> Task :app:checkDebugAarMetadata UP-TO-DATE
> Task :app:processDebugNavigationResources UP-TO-DATE
> Task :app:compileDebugNavigationResources UP-TO-DATE
> Task :app:generateDebugResValues UP-TO-DATE
> Task :app:mapDebugSourceSetPaths UP-TO-DATE
> Task :app:generateDebugResources UP-TO-DATE
> Task :app:mergeDebugResources UP-TO-DATE
> Task :app:packageDebugResources UP-TO-DATE
> Task :app:parseDebugLocalResources UP-TO-DATE
> Task :app:createDebugCompatibleScreenManifests UP-TO-DATE
> Task :app:extractDeepLinksDebug UP-TO-DATE
> Task :app:processDebugMainManifest UP-TO-DATE
> Task :app:processDebugManifest UP-TO-DATE
> Task :app:processDebugManifestForPackage UP-TO-DATE
> Task :app:processDebugResources UP-TO-DATE
> Task :app:kspDebugKotlin UP-TO-DATE
> Task :app:javaPreCompileDebug UP-TO-DATE
> Task :app:mergeDebugShaders UP-TO-DATE
> Task :app:compileDebugShaders NO-SOURCE
> Task :app:generateDebugAssets UP-TO-DATE
> Task :app:mergeDebugAssets UP-TO-DATE
> Task :app:compressDebugAssets UP-TO-DATE
> Task :app:checkDebugDuplicateClasses UP-TO-DATE
> Task :app:desugarDebugFileDependencies UP-TO-DATE
> Task :app:mergeExtDexDebug UP-TO-DATE
> Task :app:mergeLibDexDebug UP-TO-DATE
> Task :app:mergeDebugJniLibFolders UP-TO-DATE
> Task :app:mergeDebugNativeLibs UP-TO-DATE
> Task :app:stripDebugDebugSymbols UP-TO-DATE
> Task :app:validateSigningDebug UP-TO-DATE
> Task :app:writeDebugAppMetadata UP-TO-DATE
> Task :app:writeDebugSigningConfigVersions UP-TO-DATE

> Task :app:compileDebugKotlin FAILED
e: file:///C:/Users/prana/AndroidStudioProjects/Punecity/app/src/main/java/com/pranav/punecityguide/ui/viewmodel/HomeViewModel.kt:138:45 Unresolved reference 'topAttractions'.
e: file:///C:/Users/prana/AndroidStudioProjects/Punecity/app/src/main/java/com/pranav/punecityguide/ui/viewmodel/HomeViewModel.kt:141:47 Overload resolution ambiguity between candidates:
fun <T> Array<out T>.contains(element: T): Boolean
fun IntArray.contains(element: Int): Boolean
fun <T> Iterable<T>.contains(element: T): Boolean
fun <K, V> Map<out K, V>.contains(key: K): Boolean
fun IntRange.contains(element: Int?): Boolean
fun ClosedRange<Long>.contains(value: Int): Boolean
fun ClosedRange<Byte>.contains(value: Int): Boolean
fun ClosedRange<Short>.contains(value: Int): Boolean
fun OpenEndRange<Long>.contains(value: Int): Boolean
fun OpenEndRange<Byte>.contains(value: Int): Boolean
fun OpenEndRange<Short>.contains(value: Int): Boolean
fun LongRange.contains(value: Int): Boolean
fun <T> Sequence<T>.contains(element: T): Boolean
e: file:///C:/Users/prana/AndroidStudioProjects/Punecity/app/src/main/java/com/pranav/punecityguide/ui/viewmodel/PlanViewModel.kt:63:64 Unresolved reference 'ownerId'.
e: file:///C:/Users/prana/AndroidStudioProjects/Punecity/app/src/main/java/com/pranav/punecityguide/ui/viewmodel/PlanViewModel.kt:69:26 Unresolved reference 'ownerId'.

FAILURE: Build failed with an exception.

* What went wrong:
Execution failed for task ':app:compileDebugKotlin'.
> A failure occurred while executing org.jetbrains.kotlin.compilerRunner.GradleCompilerRunnerWithWorkers$GradleKotlinCompilerWorkAction
   > Compilation error. See log for more details

* Try:
> Run with --stacktrace option to get the stack trace.
> Run with --info or --debug option to get more log output.
32 actionable tasks: 1 executed, 31 up-to-date
> Run with --scan to get full insights.
> Get more help at https://help.gradle.org.

BUILD FAILED in 2s
